// Jest Snapshot v1, https://goo.gl/fbAQLP

exports[`<Navbar /> should render and match the snapshot 1`] = `"<nav class=\\"Wrapper-rw3tpv-0 bGAmmu\\"><div class=\\"navbar-right\\"><div class=\\"Wrapper-vnjem8-0 gCpCbH\\"><form><button class=\\"MuiButtonBase-root MuiButton-root MuiButton-text Button-sc-17yegtu-0 gncxZd\\" tabindex=\\"0\\" type=\\"submit\\"><span class=\\"MuiButton-label\\"><span aria-hidden=\\"true\\" class=\\"fa fa-power-off\\"></span></span><span class=\\"MuiTouchRipple-root\\"></span></button></form></div></div><div class=\\"navbar-right\\"><div>LanguageToggle</div></div><div class=\\"navbar-right\\"><a class=\\"MuiButtonBase-root MuiButton-root MuiButton-text Button-sc-17yegtu-0 gncxZd\\" tabindex=\\"0\\" role=\\"button\\" aria-disabled=\\"false\\" href=\\"/profile\\"><span class=\\"MuiButton-label\\"><span aria-hidden=\\"true\\" class=\\"fa fa-user\\"></span></span><span class=\\"MuiTouchRipple-root\\"></span></a></div><div class=\\"navbar-right\\"><a aria-current=\\"page\\" class=\\"MuiButtonBase-root MuiButton-root MuiButton-text Button-sc-17yegtu-0 gncxZd active\\" tabindex=\\"0\\" role=\\"button\\" aria-disabled=\\"false\\" href=\\"/\\"><span class=\\"MuiButton-label\\"><span aria-hidden=\\"true\\" class=\\"fa fa-home\\"></span></span><span class=\\"MuiTouchRipple-root\\"></span></a></div></nav>"`;
